// Jest Snapshot v1, https://goo.gl/fbAQLP

exports[`<Header> should render the Header component 1`] = `
<Fragment>
  <Header
    sidebarOpen={true}
  />
</Fragment>
`;
