// Jest Snapshot v1, https://goo.gl/fbAQLP

exports[`<Home> should render the Home component successfully 1`] = `
<Fragment>
   
  <Search
    handleSearch={[Function]}
  />
   
  <div
    className="container"
  >
    <div
      className="card-columns"
    />
  </div>
</Fragment>
`;
