// Jest Snapshot v1, https://goo.gl/fbAQLP

exports[`<SignIn> should render SignIn component successfully 1`] = `
<Fragment>
  <div
    className="container py-5"
  >
    <div
      className="row"
    >
      <div
        className="col-md-12"
      >
        <h2
          className="text-center text-white mb-4 custom-header"
        >
          Welcome back Git Sheet
        </h2>
        <div
          className="row"
        >
          <div
            className="col-md-6 mx-auto"
          >
            <div
              className="card rounded-0"
            >
              <div
                className="card-header"
              >
                <h3
                  className="mb-0 text-center"
                >
                  Sign In
                </h3>
              </div>
              <div
                className="card-body"
              >
                <form
                  className="form"
                  onSubmit={[Function]}
                >
                  <div
                    className="form-group"
                  >
                    <label
                      htmlFor="email"
                    >
                      Email
                    </label>
                    <input
                      className="form-control form-control-lg rounded-0"
                      name="email"
                      onChange={[Function]}
                      placeholder="Email"
                      type="email"
                      value=""
                    />
                    <div
                      className="invalid-feedback"
                    >
                      The email field is required
                    </div>
                  </div>
                  <div
                    className="form-group"
                  >
                    <label
                      htmlFor="password"
                    >
                      Password
                    </label>
                    <input
                      className="form-control form-control-lg rounded-0"
                      name="password"
                      onChange={[Function]}
                      placeholder="Password"
                      type="password"
                      value=""
                    />
                    <div
                      className="invalid-feedback"
                    >
                      The password field is required
                    </div>
                  </div>
                  <button
                    className="btn custom-btn btn-lg float-right"
                    type="submit"
                  >
                    Sign In
                  </button>
                  <p>
                    New here? 
                    <Link
                      replace={false}
                      to="/signup"
                    >
                      Sign Up
                    </Link>
                  </p>
                </form>
              </div>
            </div>
          </div>
        </div>
      </div>
    </div>
  </div>
</Fragment>
`;
