// Jest Snapshot v1, https://goo.gl/fbAQLP

exports[`<Search> should render the Search 1`] = `
<div
  className="container"
>
  <div
    className="row"
  >
    <div
      className="col-12"
    >
      <div
        className="input-group"
      >
        <input
          className="form-control border-secondary py-2"
          name="searchTerm"
          onChange={[MockFunction]}
          placeholder="Search for a git command"
          type="search"
        />
        <div
          className="input-group-append"
        >
          <button
            className="btn btn-outline-dark"
            type="button"
          >
            <i
              className="fa fa-search"
            />
          </button>
        </div>
      </div>
    </div>
  </div>
</div>
`;
